<?xml version="1.0" encoding="UTF-8"?>
<TestRun id="d37b4043-2d1e-469a-923d-5a8dc19ca668" name="Christopher@DOOGAL3 2013-06-02 12:09:38" runUser="DOOGAL3\Christopher" xmlns="http://microsoft.com/schemas/VisualStudio/TeamTest/2010">
  <TestSettings name="Local Test Run" id="33459d84-86fb-491a-8874-767fff183d66">
    <Description>This is a default test run configuration for a local test run.</Description>
    <Deployment runDeploymentRoot="Christopher_DOOGAL3 2013-06-02 12_09_38">
      <DeploymentItem filename="C:\Users\Christopher\Documents\Visual Studio 2010\Projects\DotNetCoords\bin\Debug\DotNetCoords.dll" />
    </Deployment>
    <Execution>
      <TestTypeSpecific />
      <AgentRule name="Execution Agents">
      </AgentRule>
    </Execution>
  </TestSettings>
  <Times creation="2013-06-02T12:09:38.1933896+01:00" queuing="2013-06-02T12:09:39.0756043+01:00" start="2013-06-02T12:09:39.1126168+01:00" finish="2013-06-02T12:09:39.8941722+01:00" />
  <ResultSummary outcome="Completed">
    <Counters total="12" executed="12" passed="12" error="0" failed="0" timeout="0" aborted="0" inconclusive="0" passedButRunAborted="0" notRunnable="0" notExecuted="0" disconnected="0" warning="0" completed="0" inProgress="0" pending="0" />
  </ResultSummary>
  <TestDefinitions>
    <UnitTest name="CompareToOSGB36WithToDatum" storage="c:\users\christopher\documents\visual studio 2010\projects\dotnetcoordstest\bin\debug\dotnetcoordstest.dll" id="71a4d3d2-504e-73c3-2121-e7d33bdb2924">
      <Execution id="4f2dd4a4-2d98-46ae-92d0-94b207ca0938" />
      <TestMethod codeBase="C:/Users/Christopher/Documents/Visual Studio 2010/Projects/DotNetCoordsTest/bin/Debug/DotNetCoordsTest.DLL" adapterTypeName="Microsoft.VisualStudio.TestTools.TestTypes.Unit.UnitTestAdapter, Microsoft.VisualStudio.QualityTools.Tips.UnitTest.Adapter, Version=10.0.0.0, Culture=neutral, PublicKeyToken=b03f5f7f11d50a3a" className="DotNetCoordsTest.UnitTest1, DotNetCoordsTest, Version=1.0.0.0, Culture=neutral, PublicKeyToken=null" name="CompareToOSGB36WithToDatum" />
    </UnitTest>
    <UnitTest name="TestUTMRefToString" storage="c:\users\christopher\documents\visual studio 2010\projects\dotnetcoordstest\bin\debug\dotnetcoordstest.dll" id="789de91a-7598-925a-7391-ee91ddcd8368">
      <Execution id="2cd6efe1-6e65-4b91-8205-d3a2261fa40f" />
      <TestMethod codeBase="C:/Users/Christopher/Documents/Visual Studio 2010/Projects/DotNetCoordsTest/bin/Debug/DotNetCoordsTest.DLL" adapterTypeName="Microsoft.VisualStudio.TestTools.TestTypes.Unit.UnitTestAdapter, Microsoft.VisualStudio.QualityTools.Tips.UnitTest.Adapter, Version=10.0.0.0, Culture=neutral, PublicKeyToken=b03f5f7f11d50a3a" className="DotNetCoordsTest.UnitTest1, DotNetCoordsTest, Version=1.0.0.0, Culture=neutral, PublicKeyToken=null" name="TestUTMRefToString" />
    </UnitTest>
    <UnitTest name="TestCopyAndReverseConversion" storage="c:\users\christopher\documents\visual studio 2010\projects\dotnetcoordstest\bin\debug\dotnetcoordstest.dll" id="87a3120a-7894-b740-0fd8-4bafe3e4de0d">
      <Execution id="d870d8e8-8b3e-4068-a659-3526c3fa24af" />
      <TestMethod codeBase="C:/Users/Christopher/Documents/Visual Studio 2010/Projects/DotNetCoordsTest/bin/Debug/DotNetCoordsTest.DLL" adapterTypeName="Microsoft.VisualStudio.TestTools.TestTypes.Unit.UnitTestAdapter, Microsoft.VisualStudio.QualityTools.Tips.UnitTest.Adapter, Version=10.0.0.0, Culture=neutral, PublicKeyToken=b03f5f7f11d50a3a" className="DotNetCoordsTest.UnitTest1, DotNetCoordsTest, Version=1.0.0.0, Culture=neutral, PublicKeyToken=null" name="TestCopyAndReverseConversion" />
    </UnitTest>
    <UnitTest name="TestIrishRefConstructorFromLatLng" storage="c:\users\christopher\documents\visual studio 2010\projects\dotnetcoordstest\bin\debug\dotnetcoordstest.dll" id="5c7925eb-6ef0-b35f-cac2-40ac0c37f0d2">
      <Execution id="234755df-3f9e-492d-9c29-ef0d59ff000c" />
      <TestMethod codeBase="C:/Users/Christopher/Documents/Visual Studio 2010/Projects/DotNetCoordsTest/bin/Debug/DotNetCoordsTest.DLL" adapterTypeName="Microsoft.VisualStudio.TestTools.TestTypes.Unit.UnitTestAdapter, Microsoft.VisualStudio.QualityTools.Tips.UnitTest.Adapter, Version=10.0.0.0, Culture=neutral, PublicKeyToken=b03f5f7f11d50a3a" className="DotNetCoordsTest.UnitTest1, DotNetCoordsTest, Version=1.0.0.0, Culture=neutral, PublicKeyToken=null" name="TestIrishRefConstructorFromLatLng" />
    </UnitTest>
    <UnitTest name="TestED50" storage="c:\users\christopher\documents\visual studio 2010\projects\dotnetcoordstest\bin\debug\dotnetcoordstest.dll" id="17e39a41-5c4f-5f5f-e4c1-d2582b888039">
      <Execution id="c97a5adc-c374-428e-a476-3f2392b54ab6" />
      <TestMethod codeBase="C:/Users/Christopher/Documents/Visual Studio 2010/Projects/DotNetCoordsTest/bin/Debug/DotNetCoordsTest.DLL" adapterTypeName="Microsoft.VisualStudio.TestTools.TestTypes.Unit.UnitTestAdapter, Microsoft.VisualStudio.QualityTools.Tips.UnitTest.Adapter, Version=10.0.0.0, Culture=neutral, PublicKeyToken=b03f5f7f11d50a3a" className="DotNetCoordsTest.UnitTest1, DotNetCoordsTest, Version=1.0.0.0, Culture=neutral, PublicKeyToken=null" name="TestED50" />
    </UnitTest>
    <UnitTest name="TestOsRefConstructorFromLatLng" storage="c:\users\christopher\documents\visual studio 2010\projects\dotnetcoordstest\bin\debug\dotnetcoordstest.dll" id="2b8d376f-6fa3-7eb7-c1f3-0655e9a6fcdc">
      <Execution id="3ee9dea6-1e34-456f-817a-a20e319c43cc" />
      <TestMethod codeBase="C:/Users/Christopher/Documents/Visual Studio 2010/Projects/DotNetCoordsTest/bin/Debug/DotNetCoordsTest.DLL" adapterTypeName="Microsoft.VisualStudio.TestTools.TestTypes.Unit.UnitTestAdapter, Microsoft.VisualStudio.QualityTools.Tips.UnitTest.Adapter, Version=10.0.0.0, Culture=neutral, PublicKeyToken=b03f5f7f11d50a3a" className="DotNetCoordsTest.UnitTest1, DotNetCoordsTest, Version=1.0.0.0, Culture=neutral, PublicKeyToken=null" name="TestOsRefConstructorFromLatLng" />
    </UnitTest>
    <UnitTest name="CompareToWGS84WithToDatum" storage="c:\users\christopher\documents\visual studio 2010\projects\dotnetcoordstest\bin\debug\dotnetcoordstest.dll" id="e1b58b0d-25a5-7b09-dea6-56f9bf4e8c41">
      <Execution id="26e46b5a-84ad-42e8-af87-254de39571d2" />
      <TestMethod codeBase="C:/Users/Christopher/Documents/Visual Studio 2010/Projects/DotNetCoordsTest/bin/Debug/DotNetCoordsTest.DLL" adapterTypeName="Microsoft.VisualStudio.TestTools.TestTypes.Unit.UnitTestAdapter, Microsoft.VisualStudio.QualityTools.Tips.UnitTest.Adapter, Version=10.0.0.0, Culture=neutral, PublicKeyToken=b03f5f7f11d50a3a" className="DotNetCoordsTest.UnitTest1, DotNetCoordsTest, Version=1.0.0.0, Culture=neutral, PublicKeyToken=null" name="CompareToWGS84WithToDatum" />
    </UnitTest>
    <UnitTest name="TestMgrsRefConstructor" storage="c:\users\christopher\documents\visual studio 2010\projects\dotnetcoordstest\bin\debug\dotnetcoordstest.dll" id="515dcee3-cb71-7106-3687-94748bffc385">
      <Execution id="668737b1-78bb-4d3d-bb45-ae4cae5d9183" />
      <TestMethod codeBase="C:/Users/Christopher/Documents/Visual Studio 2010/Projects/DotNetCoordsTest/bin/Debug/DotNetCoordsTest.DLL" adapterTypeName="Microsoft.VisualStudio.TestTools.TestTypes.Unit.UnitTestAdapter, Microsoft.VisualStudio.QualityTools.Tips.UnitTest.Adapter, Version=10.0.0.0, Culture=neutral, PublicKeyToken=b03f5f7f11d50a3a" className="DotNetCoordsTest.UnitTest1, DotNetCoordsTest, Version=1.0.0.0, Culture=neutral, PublicKeyToken=null" name="TestMgrsRefConstructor" />
    </UnitTest>
    <UnitTest name="TestIsValidLatLng" storage="c:\users\christopher\documents\visual studio 2010\projects\dotnetcoordstest\bin\debug\dotnetcoordstest.dll" id="5259fc02-714b-f5e9-d7ff-253fe76aa0a7">
      <Execution id="0b003f0f-d86d-492f-b73c-0b403049916a" />
      <TestMethod codeBase="C:/Users/Christopher/Documents/Visual Studio 2010/Projects/DotNetCoordsTest/bin/Debug/DotNetCoordsTest.DLL" adapterTypeName="Microsoft.VisualStudio.TestTools.TestTypes.Unit.UnitTestAdapter, Microsoft.VisualStudio.QualityTools.Tips.UnitTest.Adapter, Version=10.0.0.0, Culture=neutral, PublicKeyToken=b03f5f7f11d50a3a" className="DotNetCoordsTest.UnitTest1, DotNetCoordsTest, Version=1.0.0.0, Culture=neutral, PublicKeyToken=null" name="TestIsValidLatLng" />
    </UnitTest>
    <UnitTest name="TestLatLngConstructor2" storage="c:\users\christopher\documents\visual studio 2010\projects\dotnetcoordstest\bin\debug\dotnetcoordstest.dll" id="6a9e5a1f-23d4-b67a-b8ad-5253a5874287">
      <Execution id="6b7cabf9-9f19-405d-9e1e-3f0188bef812" />
      <TestMethod codeBase="C:/Users/Christopher/Documents/Visual Studio 2010/Projects/DotNetCoordsTest/bin/Debug/DotNetCoordsTest.DLL" adapterTypeName="Microsoft.VisualStudio.TestTools.TestTypes.Unit.UnitTestAdapter, Microsoft.VisualStudio.QualityTools.Tips.UnitTest.Adapter, Version=10.0.0.0, Culture=neutral, PublicKeyToken=b03f5f7f11d50a3a" className="DotNetCoordsTest.UnitTest1, DotNetCoordsTest, Version=1.0.0.0, Culture=neutral, PublicKeyToken=null" name="TestLatLngConstructor2" />
    </UnitTest>
    <UnitTest name="TestOsRefConstructor" storage="c:\users\christopher\documents\visual studio 2010\projects\dotnetcoordstest\bin\debug\dotnetcoordstest.dll" id="ae86a07e-eca5-4bdf-80d2-6830f63952d3">
      <Execution id="bb16f0d1-c0a5-44ca-9149-0b47817f5615" />
      <TestMethod codeBase="C:/Users/Christopher/Documents/Visual Studio 2010/Projects/DotNetCoordsTest/bin/Debug/DotNetCoordsTest.DLL" adapterTypeName="Microsoft.VisualStudio.TestTools.TestTypes.Unit.UnitTestAdapter, Microsoft.VisualStudio.QualityTools.Tips.UnitTest.Adapter, Version=10.0.0.0, Culture=neutral, PublicKeyToken=b03f5f7f11d50a3a" className="DotNetCoordsTest.UnitTest1, DotNetCoordsTest, Version=1.0.0.0, Culture=neutral, PublicKeyToken=null" name="TestOsRefConstructor" />
    </UnitTest>
    <UnitTest name="TestLatLngConstructor" storage="c:\users\christopher\documents\visual studio 2010\projects\dotnetcoordstest\bin\debug\dotnetcoordstest.dll" id="469e90a7-f6a1-8af4-5eee-e16e1d6fdce8">
      <Execution id="ea8be2b2-6bf1-4a93-86bf-d40c8de6b2e8" />
      <TestMethod codeBase="C:/Users/Christopher/Documents/Visual Studio 2010/Projects/DotNetCoordsTest/bin/Debug/DotNetCoordsTest.DLL" adapterTypeName="Microsoft.VisualStudio.TestTools.TestTypes.Unit.UnitTestAdapter, Microsoft.VisualStudio.QualityTools.Tips.UnitTest.Adapter, Version=10.0.0.0, Culture=neutral, PublicKeyToken=b03f5f7f11d50a3a" className="DotNetCoordsTest.UnitTest1, DotNetCoordsTest, Version=1.0.0.0, Culture=neutral, PublicKeyToken=null" name="TestLatLngConstructor" />
    </UnitTest>
  </TestDefinitions>
  <TestLists>
    <TestList name="Results Not in a List" id="8c84fa94-04c1-424b-9868-57a2d4851a1d" />
    <TestList name="All Loaded Results" id="19431567-8539-422a-85d7-44ee4e166bda" />
  </TestLists>
  <TestEntries>
    <TestEntry testId="ae86a07e-eca5-4bdf-80d2-6830f63952d3" executionId="bb16f0d1-c0a5-44ca-9149-0b47817f5615" testListId="8c84fa94-04c1-424b-9868-57a2d4851a1d" />
    <TestEntry testId="2b8d376f-6fa3-7eb7-c1f3-0655e9a6fcdc" executionId="3ee9dea6-1e34-456f-817a-a20e319c43cc" testListId="8c84fa94-04c1-424b-9868-57a2d4851a1d" />
    <TestEntry testId="5c7925eb-6ef0-b35f-cac2-40ac0c37f0d2" executionId="234755df-3f9e-492d-9c29-ef0d59ff000c" testListId="8c84fa94-04c1-424b-9868-57a2d4851a1d" />
    <TestEntry testId="469e90a7-f6a1-8af4-5eee-e16e1d6fdce8" executionId="ea8be2b2-6bf1-4a93-86bf-d40c8de6b2e8" testListId="8c84fa94-04c1-424b-9868-57a2d4851a1d" />
    <TestEntry testId="6a9e5a1f-23d4-b67a-b8ad-5253a5874287" executionId="6b7cabf9-9f19-405d-9e1e-3f0188bef812" testListId="8c84fa94-04c1-424b-9868-57a2d4851a1d" />
    <TestEntry testId="789de91a-7598-925a-7391-ee91ddcd8368" executionId="2cd6efe1-6e65-4b91-8205-d3a2261fa40f" testListId="8c84fa94-04c1-424b-9868-57a2d4851a1d" />
    <TestEntry testId="515dcee3-cb71-7106-3687-94748bffc385" executionId="668737b1-78bb-4d3d-bb45-ae4cae5d9183" testListId="8c84fa94-04c1-424b-9868-57a2d4851a1d" />
    <TestEntry testId="5259fc02-714b-f5e9-d7ff-253fe76aa0a7" executionId="0b003f0f-d86d-492f-b73c-0b403049916a" testListId="8c84fa94-04c1-424b-9868-57a2d4851a1d" />
    <TestEntry testId="17e39a41-5c4f-5f5f-e4c1-d2582b888039" executionId="c97a5adc-c374-428e-a476-3f2392b54ab6" testListId="8c84fa94-04c1-424b-9868-57a2d4851a1d" />
    <TestEntry testId="87a3120a-7894-b740-0fd8-4bafe3e4de0d" executionId="d870d8e8-8b3e-4068-a659-3526c3fa24af" testListId="8c84fa94-04c1-424b-9868-57a2d4851a1d" />
    <TestEntry testId="71a4d3d2-504e-73c3-2121-e7d33bdb2924" executionId="4f2dd4a4-2d98-46ae-92d0-94b207ca0938" testListId="8c84fa94-04c1-424b-9868-57a2d4851a1d" />
    <TestEntry testId="e1b58b0d-25a5-7b09-dea6-56f9bf4e8c41" executionId="26e46b5a-84ad-42e8-af87-254de39571d2" testListId="8c84fa94-04c1-424b-9868-57a2d4851a1d" />
  </TestEntries>
  <Results>
    <UnitTestResult executionId="bb16f0d1-c0a5-44ca-9149-0b47817f5615" testId="ae86a07e-eca5-4bdf-80d2-6830f63952d3" testName="TestOsRefConstructor" computerName="DOOGAL3" duration="00:00:00.0274280" startTime="2013-06-02T12:09:39.1346242+01:00" endTime="2013-06-02T12:09:39.6896178+01:00" testType="13cdc9d9-ddb5-4fa4-a97d-d965ccfc6d4b" outcome="Passed" testListId="8c84fa94-04c1-424b-9868-57a2d4851a1d" relativeResultsDirectory="bb16f0d1-c0a5-44ca-9149-0b47817f5615">
    </UnitTestResult>
    <UnitTestResult executionId="3ee9dea6-1e34-456f-817a-a20e319c43cc" testId="2b8d376f-6fa3-7eb7-c1f3-0655e9a6fcdc" testName="TestOsRefConstructorFromLatLng" computerName="DOOGAL3" duration="00:00:00.0042212" startTime="2013-06-02T12:09:39.6976194+01:00" endTime="2013-06-02T12:09:39.7052134+01:00" testType="13cdc9d9-ddb5-4fa4-a97d-d965ccfc6d4b" outcome="Passed" testListId="8c84fa94-04c1-424b-9868-57a2d4851a1d" relativeResultsDirectory="3ee9dea6-1e34-456f-817a-a20e319c43cc">
    </UnitTestResult>
    <UnitTestResult executionId="234755df-3f9e-492d-9c29-ef0d59ff000c" testId="5c7925eb-6ef0-b35f-cac2-40ac0c37f0d2" testName="TestIrishRefConstructorFromLatLng" computerName="DOOGAL3" duration="00:00:00.0027999" startTime="2013-06-02T12:09:39.7095763+01:00" endTime="2013-06-02T12:09:39.7155793+01:00" testType="13cdc9d9-ddb5-4fa4-a97d-d965ccfc6d4b" outcome="Passed" testListId="8c84fa94-04c1-424b-9868-57a2d4851a1d" relativeResultsDirectory="234755df-3f9e-492d-9c29-ef0d59ff000c">
    </UnitTestResult>
    <UnitTestResult executionId="ea8be2b2-6bf1-4a93-86bf-d40c8de6b2e8" testId="469e90a7-f6a1-8af4-5eee-e16e1d6fdce8" testName="TestLatLngConstructor" computerName="DOOGAL3" duration="00:00:00.0017027" startTime="2013-06-02T12:09:39.7195810+01:00" endTime="2013-06-02T12:09:39.7245827+01:00" testType="13cdc9d9-ddb5-4fa4-a97d-d965ccfc6d4b" outcome="Passed" testListId="8c84fa94-04c1-424b-9868-57a2d4851a1d" relativeResultsDirectory="ea8be2b2-6bf1-4a93-86bf-d40c8de6b2e8">
    </UnitTestResult>
    <UnitTestResult executionId="6b7cabf9-9f19-405d-9e1e-3f0188bef812" testId="6a9e5a1f-23d4-b67a-b8ad-5253a5874287" testName="TestLatLngConstructor2" computerName="DOOGAL3" duration="00:00:00.0008413" startTime="2013-06-02T12:09:39.7285840+01:00" endTime="2013-06-02T12:09:39.7335861+01:00" testType="13cdc9d9-ddb5-4fa4-a97d-d965ccfc6d4b" outcome="Passed" testListId="8c84fa94-04c1-424b-9868-57a2d4851a1d" relativeResultsDirectory="6b7cabf9-9f19-405d-9e1e-3f0188bef812">
    </UnitTestResult>
    <UnitTestResult executionId="2cd6efe1-6e65-4b91-8205-d3a2261fa40f" testId="789de91a-7598-925a-7391-ee91ddcd8368" testName="TestUTMRefToString" computerName="DOOGAL3" duration="00:00:00.0010157" startTime="2013-06-02T12:09:39.7395874+01:00" endTime="2013-06-02T12:09:39.7435898+01:00" testType="13cdc9d9-ddb5-4fa4-a97d-d965ccfc6d4b" outcome="Passed" testListId="8c84fa94-04c1-424b-9868-57a2d4851a1d" relativeResultsDirectory="2cd6efe1-6e65-4b91-8205-d3a2261fa40f">
    </UnitTestResult>
    <UnitTestResult executionId="668737b1-78bb-4d3d-bb45-ae4cae5d9183" testId="515dcee3-cb71-7106-3687-94748bffc385" testName="TestMgrsRefConstructor" computerName="DOOGAL3" duration="00:00:00.0034685" startTime="2013-06-02T12:09:39.7475905+01:00" endTime="2013-06-02T12:09:39.7549331+01:00" testType="13cdc9d9-ddb5-4fa4-a97d-d965ccfc6d4b" outcome="Passed" testListId="8c84fa94-04c1-424b-9868-57a2d4851a1d" relativeResultsDirectory="668737b1-78bb-4d3d-bb45-ae4cae5d9183">
    </UnitTestResult>
    <UnitTestResult executionId="0b003f0f-d86d-492f-b73c-0b403049916a" testId="5259fc02-714b-f5e9-d7ff-253fe76aa0a7" testName="TestIsValidLatLng" computerName="DOOGAL3" duration="00:00:00.0008823" startTime="2013-06-02T12:09:39.7599348+01:00" endTime="2013-06-02T12:09:39.7840058+01:00" testType="13cdc9d9-ddb5-4fa4-a97d-d965ccfc6d4b" outcome="Passed" testListId="8c84fa94-04c1-424b-9868-57a2d4851a1d" relativeResultsDirectory="0b003f0f-d86d-492f-b73c-0b403049916a">
    </UnitTestResult>
    <UnitTestResult executionId="c97a5adc-c374-428e-a476-3f2392b54ab6" testId="17e39a41-5c4f-5f5f-e4c1-d2582b888039" testName="TestED50" computerName="DOOGAL3" duration="00:00:00.0035632" startTime="2013-06-02T12:09:39.7880065+01:00" endTime="2013-06-02T12:09:39.7950095+01:00" testType="13cdc9d9-ddb5-4fa4-a97d-d965ccfc6d4b" outcome="Passed" testListId="8c84fa94-04c1-424b-9868-57a2d4851a1d" relativeResultsDirectory="c97a5adc-c374-428e-a476-3f2392b54ab6">
    </UnitTestResult>
    <UnitTestResult executionId="d870d8e8-8b3e-4068-a659-3526c3fa24af" testId="87a3120a-7894-b740-0fd8-4bafe3e4de0d" testName="TestCopyAndReverseConversion" computerName="DOOGAL3" duration="00:00:00.0006487" startTime="2013-06-02T12:09:39.8190853+01:00" endTime="2013-06-02T12:09:39.8230877+01:00" testType="13cdc9d9-ddb5-4fa4-a97d-d965ccfc6d4b" outcome="Passed" testListId="8c84fa94-04c1-424b-9868-57a2d4851a1d" relativeResultsDirectory="d870d8e8-8b3e-4068-a659-3526c3fa24af">
    </UnitTestResult>
    <UnitTestResult executionId="4f2dd4a4-2d98-46ae-92d0-94b207ca0938" testId="71a4d3d2-504e-73c3-2121-e7d33bdb2924" testName="CompareToOSGB36WithToDatum" computerName="DOOGAL3" duration="00:00:00.0003009" startTime="2013-06-02T12:09:39.8451546+01:00" endTime="2013-06-02T12:09:39.8481577+01:00" testType="13cdc9d9-ddb5-4fa4-a97d-d965ccfc6d4b" outcome="Passed" testListId="8c84fa94-04c1-424b-9868-57a2d4851a1d" relativeResultsDirectory="4f2dd4a4-2d98-46ae-92d0-94b207ca0938">
    </UnitTestResult>
    <UnitTestResult executionId="26e46b5a-84ad-42e8-af87-254de39571d2" testId="e1b58b0d-25a5-7b09-dea6-56f9bf4e8c41" testName="CompareToWGS84WithToDatum" computerName="DOOGAL3" duration="00:00:00.0003365" startTime="2013-06-02T12:09:39.8531590+01:00" endTime="2013-06-02T12:09:39.8561594+01:00" testType="13cdc9d9-ddb5-4fa4-a97d-d965ccfc6d4b" outcome="Passed" testListId="8c84fa94-04c1-424b-9868-57a2d4851a1d" relativeResultsDirectory="26e46b5a-84ad-42e8-af87-254de39571d2">
    </UnitTestResult>
  </Results>
</TestRun>