<?xml version="1.0" encoding="UTF-8"?>
<TestRun id="c1ed7e03-dd63-4de9-acba-ee6f205d152d" name="Doogal@NEWDOOGAL 2013-03-17 17:16:41" runUser="NEWDOOGAL\Doogal" xmlns="http://microsoft.com/schemas/VisualStudio/TeamTest/2010">
  <TestSettings name="Local Test Run" id="33459d84-86fb-491a-8874-767fff183d66">
    <Description>This is a default test run configuration for a local test run.</Description>
    <Deployment runDeploymentRoot="Doogal_NEWDOOGAL 2013-03-17 17_16_41">
      <DeploymentItem filename="C:\Source\dotNET2\DotNetCoords\bin\Debug\DotNetCoords.dll" />
    </Deployment>
    <Execution>
      <TestTypeSpecific />
      <AgentRule name="Execution Agents">
      </AgentRule>
    </Execution>
  </TestSettings>
  <Times creation="2013-03-17T17:16:41.5954855+00:00" queuing="2013-03-17T17:16:45.5359819+00:00" start="2013-03-17T17:16:45.7600074+00:00" finish="2013-03-17T17:16:48.1323078+00:00" />
  <ResultSummary outcome="Completed">
    <Counters total="10" executed="10" passed="10" error="0" failed="0" timeout="0" aborted="0" inconclusive="0" passedButRunAborted="0" notRunnable="0" notExecuted="0" disconnected="0" warning="0" completed="0" inProgress="0" pending="0" />
  </ResultSummary>
  <TestDefinitions>
    <UnitTest name="CompareToWGS84WithToDatum" storage="c:\source\dotnet2\dotnetcoordstest\bin\debug\dotnetcoordstest.dll" id="e1b58b0d-25a5-7b09-dea6-56f9bf4e8c41">
      <Execution id="c5d66a5a-0786-47c2-8a03-00c7c352df81" />
      <TestMethod codeBase="C:/Source/dotNET2/DotNetCoordsTest/bin/Debug/DotNetCoordsTest.DLL" adapterTypeName="Microsoft.VisualStudio.TestTools.TestTypes.Unit.UnitTestAdapter, Microsoft.VisualStudio.QualityTools.Tips.UnitTest.Adapter, Version=10.0.0.0, Culture=neutral, PublicKeyToken=b03f5f7f11d50a3a" className="DotNetCoordsTest.UnitTest1, DotNetCoordsTest, Version=1.0.0.0, Culture=neutral, PublicKeyToken=null" name="CompareToWGS84WithToDatum" />
    </UnitTest>
    <UnitTest name="TestUTMRefToString" storage="c:\source\dotnet2\dotnetcoordstest\bin\debug\dotnetcoordstest.dll" id="789de91a-7598-925a-7391-ee91ddcd8368">
      <Execution id="780dbe69-8115-44de-ad27-7e1df6a9394b" />
      <TestMethod codeBase="C:/Source/dotNET2/DotNetCoordsTest/bin/Debug/DotNetCoordsTest.DLL" adapterTypeName="Microsoft.VisualStudio.TestTools.TestTypes.Unit.UnitTestAdapter, Microsoft.VisualStudio.QualityTools.Tips.UnitTest.Adapter, Version=10.0.0.0, Culture=neutral, PublicKeyToken=b03f5f7f11d50a3a" className="DotNetCoordsTest.UnitTest1, DotNetCoordsTest, Version=1.0.0.0, Culture=neutral, PublicKeyToken=null" name="TestUTMRefToString" />
    </UnitTest>
    <UnitTest name="CompareToOSGB36WithToDatum" storage="c:\source\dotnet2\dotnetcoordstest\bin\debug\dotnetcoordstest.dll" id="71a4d3d2-504e-73c3-2121-e7d33bdb2924">
      <Execution id="bafcc518-baff-4b43-a757-4284d5d14d0d" />
      <TestMethod codeBase="C:/Source/dotNET2/DotNetCoordsTest/bin/Debug/DotNetCoordsTest.DLL" adapterTypeName="Microsoft.VisualStudio.TestTools.TestTypes.Unit.UnitTestAdapter, Microsoft.VisualStudio.QualityTools.Tips.UnitTest.Adapter, Version=10.0.0.0, Culture=neutral, PublicKeyToken=b03f5f7f11d50a3a" className="DotNetCoordsTest.UnitTest1, DotNetCoordsTest, Version=1.0.0.0, Culture=neutral, PublicKeyToken=null" name="CompareToOSGB36WithToDatum" />
    </UnitTest>
    <UnitTest name="TestED50" storage="c:\source\dotnet2\dotnetcoordstest\bin\debug\dotnetcoordstest.dll" id="17e39a41-5c4f-5f5f-e4c1-d2582b888039">
      <Execution id="50d4140d-e994-45e3-abe4-4868d192c79c" />
      <TestMethod codeBase="C:/Source/dotNET2/DotNetCoordsTest/bin/Debug/DotNetCoordsTest.DLL" adapterTypeName="Microsoft.VisualStudio.TestTools.TestTypes.Unit.UnitTestAdapter, Microsoft.VisualStudio.QualityTools.Tips.UnitTest.Adapter, Version=10.0.0.0, Culture=neutral, PublicKeyToken=b03f5f7f11d50a3a" className="DotNetCoordsTest.UnitTest1, DotNetCoordsTest, Version=1.0.0.0, Culture=neutral, PublicKeyToken=null" name="TestED50" />
    </UnitTest>
    <UnitTest name="TestIsValidLatLng" storage="c:\source\dotnet2\dotnetcoordstest\bin\debug\dotnetcoordstest.dll" id="5259fc02-714b-f5e9-d7ff-253fe76aa0a7">
      <Execution id="23c10eb4-abf3-4665-9229-cacd62916a5c" />
      <TestMethod codeBase="C:/Source/dotNET2/DotNetCoordsTest/bin/Debug/DotNetCoordsTest.DLL" adapterTypeName="Microsoft.VisualStudio.TestTools.TestTypes.Unit.UnitTestAdapter, Microsoft.VisualStudio.QualityTools.Tips.UnitTest.Adapter, Version=10.0.0.0, Culture=neutral, PublicKeyToken=b03f5f7f11d50a3a" className="DotNetCoordsTest.UnitTest1, DotNetCoordsTest, Version=1.0.0.0, Culture=neutral, PublicKeyToken=null" name="TestIsValidLatLng" />
    </UnitTest>
    <UnitTest name="TestMgrsRefConstructor" storage="c:\source\dotnet2\dotnetcoordstest\bin\debug\dotnetcoordstest.dll" id="515dcee3-cb71-7106-3687-94748bffc385">
      <Execution id="bd6f3d9d-78ac-4f57-88ee-a11f6d3a5a4c" />
      <TestMethod codeBase="C:/Source/dotNET2/DotNetCoordsTest/bin/Debug/DotNetCoordsTest.DLL" adapterTypeName="Microsoft.VisualStudio.TestTools.TestTypes.Unit.UnitTestAdapter, Microsoft.VisualStudio.QualityTools.Tips.UnitTest.Adapter, Version=10.0.0.0, Culture=neutral, PublicKeyToken=b03f5f7f11d50a3a" className="DotNetCoordsTest.UnitTest1, DotNetCoordsTest, Version=1.0.0.0, Culture=neutral, PublicKeyToken=null" name="TestMgrsRefConstructor" />
    </UnitTest>
    <UnitTest name="TestCopyAndReverseConversion" storage="c:\source\dotnet2\dotnetcoordstest\bin\debug\dotnetcoordstest.dll" id="87a3120a-7894-b740-0fd8-4bafe3e4de0d">
      <Execution id="8e6faa2b-0562-4ed9-84e9-e4be7a0fcdfb" />
      <TestMethod codeBase="C:/Source/dotNET2/DotNetCoordsTest/bin/Debug/DotNetCoordsTest.DLL" adapterTypeName="Microsoft.VisualStudio.TestTools.TestTypes.Unit.UnitTestAdapter, Microsoft.VisualStudio.QualityTools.Tips.UnitTest.Adapter, Version=10.0.0.0, Culture=neutral, PublicKeyToken=b03f5f7f11d50a3a" className="DotNetCoordsTest.UnitTest1, DotNetCoordsTest, Version=1.0.0.0, Culture=neutral, PublicKeyToken=null" name="TestCopyAndReverseConversion" />
    </UnitTest>
    <UnitTest name="TestLatLngConstructor2" storage="c:\source\dotnet2\dotnetcoordstest\bin\debug\dotnetcoordstest.dll" id="6a9e5a1f-23d4-b67a-b8ad-5253a5874287">
      <Execution id="425f0c99-6fda-4ba8-a88d-b37e1578bee6" />
      <TestMethod codeBase="C:/Source/dotNET2/DotNetCoordsTest/bin/Debug/DotNetCoordsTest.DLL" adapterTypeName="Microsoft.VisualStudio.TestTools.TestTypes.Unit.UnitTestAdapter, Microsoft.VisualStudio.QualityTools.Tips.UnitTest.Adapter, Version=10.0.0.0, Culture=neutral, PublicKeyToken=b03f5f7f11d50a3a" className="DotNetCoordsTest.UnitTest1, DotNetCoordsTest, Version=1.0.0.0, Culture=neutral, PublicKeyToken=null" name="TestLatLngConstructor2" />
    </UnitTest>
    <UnitTest name="TestOsRefConstructor" storage="c:\source\dotnet2\dotnetcoordstest\bin\debug\dotnetcoordstest.dll" id="ae86a07e-eca5-4bdf-80d2-6830f63952d3">
      <Execution id="9652f94e-0dcf-4d62-a8a7-fa48f5fc3a8d" />
      <TestMethod codeBase="C:/Source/dotNET2/DotNetCoordsTest/bin/Debug/DotNetCoordsTest.DLL" adapterTypeName="Microsoft.VisualStudio.TestTools.TestTypes.Unit.UnitTestAdapter, Microsoft.VisualStudio.QualityTools.Tips.UnitTest.Adapter, Version=10.0.0.0, Culture=neutral, PublicKeyToken=b03f5f7f11d50a3a" className="DotNetCoordsTest.UnitTest1, DotNetCoordsTest, Version=1.0.0.0, Culture=neutral, PublicKeyToken=null" name="TestOsRefConstructor" />
    </UnitTest>
    <UnitTest name="TestLatLngConstructor" storage="c:\source\dotnet2\dotnetcoordstest\bin\debug\dotnetcoordstest.dll" id="469e90a7-f6a1-8af4-5eee-e16e1d6fdce8">
      <Execution id="2f28f1fb-de6b-4d67-bb96-7410a2ee832a" />
      <TestMethod codeBase="C:/Source/dotNET2/DotNetCoordsTest/bin/Debug/DotNetCoordsTest.DLL" adapterTypeName="Microsoft.VisualStudio.TestTools.TestTypes.Unit.UnitTestAdapter, Microsoft.VisualStudio.QualityTools.Tips.UnitTest.Adapter, Version=10.0.0.0, Culture=neutral, PublicKeyToken=b03f5f7f11d50a3a" className="DotNetCoordsTest.UnitTest1, DotNetCoordsTest, Version=1.0.0.0, Culture=neutral, PublicKeyToken=null" name="TestLatLngConstructor" />
    </UnitTest>
  </TestDefinitions>
  <TestLists>
    <TestList name="Results Not in a List" id="8c84fa94-04c1-424b-9868-57a2d4851a1d" />
    <TestList name="All Loaded Results" id="19431567-8539-422a-85d7-44ee4e166bda" />
  </TestLists>
  <TestEntries>
    <TestEntry testId="ae86a07e-eca5-4bdf-80d2-6830f63952d3" executionId="9652f94e-0dcf-4d62-a8a7-fa48f5fc3a8d" testListId="8c84fa94-04c1-424b-9868-57a2d4851a1d" />
    <TestEntry testId="469e90a7-f6a1-8af4-5eee-e16e1d6fdce8" executionId="2f28f1fb-de6b-4d67-bb96-7410a2ee832a" testListId="8c84fa94-04c1-424b-9868-57a2d4851a1d" />
    <TestEntry testId="6a9e5a1f-23d4-b67a-b8ad-5253a5874287" executionId="425f0c99-6fda-4ba8-a88d-b37e1578bee6" testListId="8c84fa94-04c1-424b-9868-57a2d4851a1d" />
    <TestEntry testId="789de91a-7598-925a-7391-ee91ddcd8368" executionId="780dbe69-8115-44de-ad27-7e1df6a9394b" testListId="8c84fa94-04c1-424b-9868-57a2d4851a1d" />
    <TestEntry testId="515dcee3-cb71-7106-3687-94748bffc385" executionId="bd6f3d9d-78ac-4f57-88ee-a11f6d3a5a4c" testListId="8c84fa94-04c1-424b-9868-57a2d4851a1d" />
    <TestEntry testId="5259fc02-714b-f5e9-d7ff-253fe76aa0a7" executionId="23c10eb4-abf3-4665-9229-cacd62916a5c" testListId="8c84fa94-04c1-424b-9868-57a2d4851a1d" />
    <TestEntry testId="17e39a41-5c4f-5f5f-e4c1-d2582b888039" executionId="50d4140d-e994-45e3-abe4-4868d192c79c" testListId="8c84fa94-04c1-424b-9868-57a2d4851a1d" />
    <TestEntry testId="87a3120a-7894-b740-0fd8-4bafe3e4de0d" executionId="8e6faa2b-0562-4ed9-84e9-e4be7a0fcdfb" testListId="8c84fa94-04c1-424b-9868-57a2d4851a1d" />
    <TestEntry testId="71a4d3d2-504e-73c3-2121-e7d33bdb2924" executionId="bafcc518-baff-4b43-a757-4284d5d14d0d" testListId="8c84fa94-04c1-424b-9868-57a2d4851a1d" />
    <TestEntry testId="e1b58b0d-25a5-7b09-dea6-56f9bf4e8c41" executionId="c5d66a5a-0786-47c2-8a03-00c7c352df81" testListId="8c84fa94-04c1-424b-9868-57a2d4851a1d" />
  </TestEntries>
  <Results>
    <UnitTestResult executionId="9652f94e-0dcf-4d62-a8a7-fa48f5fc3a8d" testId="ae86a07e-eca5-4bdf-80d2-6830f63952d3" testName="TestOsRefConstructor" computerName="NEWDOOGAL" duration="00:00:00.0771686" startTime="2013-03-17T17:16:45.8430190+00:00" endTime="2013-03-17T17:16:47.1671850+00:00" testType="13cdc9d9-ddb5-4fa4-a97d-d965ccfc6d4b" outcome="Passed" testListId="8c84fa94-04c1-424b-9868-57a2d4851a1d" relativeResultsDirectory="9652f94e-0dcf-4d62-a8a7-fa48f5fc3a8d">
    </UnitTestResult>
    <UnitTestResult executionId="2f28f1fb-de6b-4d67-bb96-7410a2ee832a" testId="469e90a7-f6a1-8af4-5eee-e16e1d6fdce8" testName="TestLatLngConstructor" computerName="NEWDOOGAL" duration="00:00:00.0082655" startTime="2013-03-17T17:16:47.2361936+00:00" endTime="2013-03-17T17:16:47.2651982+00:00" testType="13cdc9d9-ddb5-4fa4-a97d-d965ccfc6d4b" outcome="Passed" testListId="8c84fa94-04c1-424b-9868-57a2d4851a1d" relativeResultsDirectory="2f28f1fb-de6b-4d67-bb96-7410a2ee832a">
    </UnitTestResult>
    <UnitTestResult executionId="425f0c99-6fda-4ba8-a88d-b37e1578bee6" testId="6a9e5a1f-23d4-b67a-b8ad-5253a5874287" testName="TestLatLngConstructor2" computerName="NEWDOOGAL" duration="00:00:00.0021815" startTime="2013-03-17T17:16:47.3212051+00:00" endTime="2013-03-17T17:16:47.3462065+00:00" testType="13cdc9d9-ddb5-4fa4-a97d-d965ccfc6d4b" outcome="Passed" testListId="8c84fa94-04c1-424b-9868-57a2d4851a1d" relativeResultsDirectory="425f0c99-6fda-4ba8-a88d-b37e1578bee6">
    </UnitTestResult>
    <UnitTestResult executionId="780dbe69-8115-44de-ad27-7e1df6a9394b" testId="789de91a-7598-925a-7391-ee91ddcd8368" testName="TestUTMRefToString" computerName="NEWDOOGAL" duration="00:00:00.0033557" startTime="2013-03-17T17:16:47.4022146+00:00" endTime="2013-03-17T17:16:47.4192180+00:00" testType="13cdc9d9-ddb5-4fa4-a97d-d965ccfc6d4b" outcome="Passed" testListId="8c84fa94-04c1-424b-9868-57a2d4851a1d" relativeResultsDirectory="780dbe69-8115-44de-ad27-7e1df6a9394b">
    </UnitTestResult>
    <UnitTestResult executionId="bd6f3d9d-78ac-4f57-88ee-a11f6d3a5a4c" testId="515dcee3-cb71-7106-3687-94748bffc385" testName="TestMgrsRefConstructor" computerName="NEWDOOGAL" duration="00:00:00.0100840" startTime="2013-03-17T17:16:47.4882262+00:00" endTime="2013-03-17T17:16:47.5112296+00:00" testType="13cdc9d9-ddb5-4fa4-a97d-d965ccfc6d4b" outcome="Passed" testListId="8c84fa94-04c1-424b-9868-57a2d4851a1d" relativeResultsDirectory="bd6f3d9d-78ac-4f57-88ee-a11f6d3a5a4c">
    </UnitTestResult>
    <UnitTestResult executionId="23c10eb4-abf3-4665-9229-cacd62916a5c" testId="5259fc02-714b-f5e9-d7ff-253fe76aa0a7" testName="TestIsValidLatLng" computerName="NEWDOOGAL" duration="00:00:00.0025961" startTime="2013-03-17T17:16:47.5482329+00:00" endTime="2013-03-17T17:16:47.5622363+00:00" testType="13cdc9d9-ddb5-4fa4-a97d-d965ccfc6d4b" outcome="Passed" testListId="8c84fa94-04c1-424b-9868-57a2d4851a1d" relativeResultsDirectory="23c10eb4-abf3-4665-9229-cacd62916a5c">
    </UnitTestResult>
    <UnitTestResult executionId="50d4140d-e994-45e3-abe4-4868d192c79c" testId="17e39a41-5c4f-5f5f-e4c1-d2582b888039" testName="TestED50" computerName="NEWDOOGAL" duration="00:00:00.0145650" startTime="2013-03-17T17:16:47.6372461+00:00" endTime="2013-03-17T17:16:47.6652486+00:00" testType="13cdc9d9-ddb5-4fa4-a97d-d965ccfc6d4b" outcome="Passed" testListId="8c84fa94-04c1-424b-9868-57a2d4851a1d" relativeResultsDirectory="50d4140d-e994-45e3-abe4-4868d192c79c">
    </UnitTestResult>
    <UnitTestResult executionId="8e6faa2b-0562-4ed9-84e9-e4be7a0fcdfb" testId="87a3120a-7894-b740-0fd8-4bafe3e4de0d" testName="TestCopyAndReverseConversion" computerName="NEWDOOGAL" duration="00:00:00.0019313" startTime="2013-03-17T17:16:47.7142550+00:00" endTime="2013-03-17T17:16:47.7332583+00:00" testType="13cdc9d9-ddb5-4fa4-a97d-d965ccfc6d4b" outcome="Passed" testListId="8c84fa94-04c1-424b-9868-57a2d4851a1d" relativeResultsDirectory="8e6faa2b-0562-4ed9-84e9-e4be7a0fcdfb">
    </UnitTestResult>
    <UnitTestResult executionId="bafcc518-baff-4b43-a757-4284d5d14d0d" testId="71a4d3d2-504e-73c3-2121-e7d33bdb2924" testName="CompareToOSGB36WithToDatum" computerName="NEWDOOGAL" duration="00:00:00.0007718" startTime="2013-03-17T17:16:47.7922645+00:00" endTime="2013-03-17T17:16:47.8112670+00:00" testType="13cdc9d9-ddb5-4fa4-a97d-d965ccfc6d4b" outcome="Passed" testListId="8c84fa94-04c1-424b-9868-57a2d4851a1d" relativeResultsDirectory="bafcc518-baff-4b43-a757-4284d5d14d0d">
    </UnitTestResult>
    <UnitTestResult executionId="c5d66a5a-0786-47c2-8a03-00c7c352df81" testId="e1b58b0d-25a5-7b09-dea6-56f9bf4e8c41" testName="CompareToWGS84WithToDatum" computerName="NEWDOOGAL" duration="00:00:00.0008707" startTime="2013-03-17T17:16:47.8572722+00:00" endTime="2013-03-17T17:16:47.8682740+00:00" testType="13cdc9d9-ddb5-4fa4-a97d-d965ccfc6d4b" outcome="Passed" testListId="8c84fa94-04c1-424b-9868-57a2d4851a1d" relativeResultsDirectory="c5d66a5a-0786-47c2-8a03-00c7c352df81">
    </UnitTestResult>
  </Results>
</TestRun>